2026-05-29 18:38:28 最新タイムラプス: jA__1_NG9jg  (富士山タイムラプス4K 【朝】｜雲から富士山が現れた！ 富士宮市 静岡 2026-05-28)
2026-05-29 18:38:28 hugo.toml 更新: IxIm2jQ02dw → jA__1_NG9jg
2026-05-29 18:40:16 最新タイムラプス: jA__1_NG9jg  (富士山タイムラプス4K 【朝】｜雲から富士山が現れた！ 富士宮市 静岡 2026-05-28)
2026-05-29 18:40:16 変更なし(既に最新: jA__1_NG9jg)。終了。
2026-05-29 22:00:01 最新タイムラプス: JgS-kVSeh3k  (富士山タイムラプス4K 【夜】｜雲から富士山が現れた！ 富士宮市 静岡 2026-05-28)
2026-05-29 22:00:01 hugo.toml 更新: jA__1_NG9jg → JgS-kVSeh3k
2026-05-29 22:00:04 git push done -> Cloudflare rebuild
2026-05-30 08:00:03 最新タイムラプス: JgS-kVSeh3k  (富士山タイムラプス4K 【夜】｜雲から富士山が現れた！ 富士宮市 静岡 2026-05-28)
2026-05-30 08:00:03 変更なし(既に最新: JgS-kVSeh3k)。終了。
2026-05-30 13:00:02 最新タイムラプス: jLdhBQYWiZc  (春の富士山 【朝】｜雲から富士山が現れた！｜Reflected Mt. Fuji 4K 2026-05-29)
2026-05-30 13:00:02 hugo.toml 更新: JgS-kVSeh3k → jLdhBQYWiZc
2026-05-30 13:00:05 git push done -> Cloudflare rebuild
2026-05-30 22:00:02 最新タイムラプス: 0KAalrzaMBM  (春の富士山 【夜】｜雲から富士山が現れた！｜Reflected Mt. Fuji 4K 2026-05-29)
2026-05-30 22:00:02 hugo.toml 更新: jLdhBQYWiZc → 0KAalrzaMBM
2026-05-30 22:00:06 git push done -> Cloudflare rebuild
2026-05-31 08:00:02 最新タイムラプス: 0KAalrzaMBM  (春の富士山 【夜】｜雲から富士山が現れた！｜Reflected Mt. Fuji 4K 2026-05-29)
2026-05-31 08:00:03 変更なし(既に最新: 0KAalrzaMBM)。終了。
2026-05-31 13:00:02 最新タイムラプス: 0KAalrzaMBM  (春の富士山 【夜】｜雲から富士山が現れた！｜Reflected Mt. Fuji 4K 2026-05-29)
2026-05-31 13:00:02 変更なし(既に最新: 0KAalrzaMBM)。終了。
2026-05-31 22:00:02 最新タイムラプス: 0KAalrzaMBM  (春の富士山 【夜】｜雲から富士山が現れた！｜Reflected Mt. Fuji 4K 2026-05-29)
2026-05-31 22:00:02 変更なし(既に最新: 0KAalrzaMBM)。終了。
2026-06-01 08:00:01 最新タイムラプス: 0KAalrzaMBM  (春の富士山 【夜】｜雲から富士山が現れた！｜Reflected Mt. Fuji 4K 2026-05-29)
2026-06-01 08:00:01 変更なし(既に最新: 0KAalrzaMBM)。終了。
2026-06-01 13:00:01 最新タイムラプス: wi00s_ECqWk  (雲から富士山が現れた！ 【朝】｜富士山タイムラプス4K 富士宮市 2026-05-31)
2026-06-01 13:00:01 hugo.toml 更新: 0KAalrzaMBM → wi00s_ECqWk
2026-06-01 13:00:02 git push done -> Cloudflare rebuild
2026-06-01 22:00:01 最新タイムラプス: kwHWtKNlReA  (雲から富士山が現れた！ 【夜】｜富士山タイムラプス4K 富士宮市 2026-05-31)
2026-06-01 22:00:01 hugo.toml 更新: wi00s_ECqWk → kwHWtKNlReA
2026-06-01 22:00:04 git push done -> Cloudflare rebuild
2026-06-02 08:00:02 最新タイムラプス: kwHWtKNlReA  (雲から富士山が現れた！ 【夜】｜富士山タイムラプス4K 富士宮市 2026-05-31)
2026-06-02 08:00:02 変更なし(既に最新: kwHWtKNlReA)。終了。
2026-06-02 13:00:01 RSS取得失敗: 

  
  
  Error 404 (Not Found)!!1
  
    *{margin:0;padding:0}html,code{font:15px/22px arial,sans-serif}html{background:#fff;color:#222;padding:15px}body{margin:7% auto 0;max-width:390px;min-height:180px;padding:30px 0 15px}* > body{background:url(//www.google.com/images/errors/robot.png) 100% 5px no-repeat;padding-right:205px}p{margin:11px 0 22px;overflow:hidden}ins{color:#777;text-decoration:none}a img{border:0}@media screen and (max-width:772px){body{background:none;margin-top:0;max-width:none;padding-right:0}}#logo{background:url(//www.google.com/images/branding/googlelogo/1x/googlelogo_color_150x54dp.png) no-repeat;margin-left:-5px}@media only screen and (min-resolution:192dpi){#logo{background:url(//www.google.com/images/branding/googlelogo/2x/googlelogo_color_150x54dp.png) no-repeat 0% 0%/100% 100%;-moz-border-image:url(//www.google.com/images/branding/googlelogo/2x/googlelogo_color_150x54dp.png) 0}}@media only screen and (-webkit-min-device-pixel-ratio:2){#logo{background:url(//www.google.com/images/branding/googlelogo/2x/googlelogo_color_150x54dp.png) no-repeat;-webkit-background-size:100% 100%}}#logo{display:inline-block;height:54px;width:150px}
  
  
  404. That’s an error.
  The requested URL /feeds/videos.xml?channel_id=UCvvaEEAZoCEwlv11ubKSWxg was not found on this server.  That’s all we know.

2026-06-02 22:00:02 最新タイムラプス: 4gUnbbLZe9E  (雲から富士山が現れた！ 【夜】｜富士山タイムラプス4K 富士宮市 2026-06-01)
2026-06-02 22:00:02 hugo.toml 更新: kwHWtKNlReA → 4gUnbbLZe9E
2026-06-02 22:00:05 git push done -> Cloudflare rebuild
2026-06-03 08:00:02 最新タイムラプス: 4gUnbbLZe9E  (雲から富士山が現れた！ 【夜】｜富士山タイムラプス4K 富士宮市 2026-06-01)
2026-06-03 08:00:02 変更なし(既に最新: 4gUnbbLZe9E)。終了。
2026-06-03 13:00:02 最新タイムラプス: 4hSMZbAuRQs  (Reflected Mt. Fuji | Mt. Fuji Visible in the Rain! | Rice Farm Japan 4K 2026-06-02)
2026-06-03 13:00:02 hugo.toml 更新: 4gUnbbLZe9E → 4hSMZbAuRQs
2026-06-03 13:00:03 git push done -> Cloudflare rebuild
2026-06-03 22:00:02 最新タイムラプス: w1oxzwM00J4  (Reflected Mt. Fuji | Mt. Fuji Visible in the Rain! | Rice Farm Japan 4K 2026-06-02)
2026-06-03 22:00:02 hugo.toml 更新: 4hSMZbAuRQs → w1oxzwM00J4
2026-06-03 22:00:05 git push done -> Cloudflare rebuild
2026-06-04 08:00:02 最新タイムラプス: w1oxzwM00J4  (Reflected Mt. Fuji | Mt. Fuji Visible in the Rain! | Rice Farm Japan 4K 2026-06-02)
2026-06-04 08:00:02 変更なし(既に最新: w1oxzwM00J4)。終了。
2026-06-04 13:00:02 RSS取得失敗: 

  
  
  Error 404 (Not Found)!!1
  
    *{margin:0;padding:0}html,code{font:15px/22px arial,sans-serif}html{background:#fff;color:#222;padding:15px}body{margin:7% auto 0;max-width:390px;min-height:180px;padding:30px 0 15px}* > body{background:url(//www.google.com/images/errors/robot.png) 100% 5px no-repeat;padding-right:205px}p{margin:11px 0 22px;overflow:hidden}ins{color:#777;text-decoration:none}a img{border:0}@media screen and (max-width:772px){body{background:none;margin-top:0;max-width:none;padding-right:0}}#logo{background:url(//www.google.com/images/branding/googlelogo/1x/googlelogo_color_150x54dp.png) no-repeat;margin-left:-5px}@media only screen and (min-resolution:192dpi){#logo{background:url(//www.google.com/images/branding/googlelogo/2x/googlelogo_color_150x54dp.png) no-repeat 0% 0%/100% 100%;-moz-border-image:url(//www.google.com/images/branding/googlelogo/2x/googlelogo_color_150x54dp.png) 0}}@media only screen and (-webkit-min-device-pixel-ratio:2){#logo{background:url(//www.google.com/images/branding/googlelogo/2x/googlelogo_color_150x54dp.png) no-repeat;-webkit-background-size:100% 100%}}#logo{display:inline-block;height:54px;width:150px}
  
  
  404. That’s an error.
  The requested URL /feeds/videos.xml?channel_id=UCvvaEEAZoCEwlv11ubKSWxg was not found on this server.  That’s all we know.

2026-06-04 22:00:02 最新タイムラプス: ncTJiCB3nic  (Mt. Fuji Timelapse | 雲に隠れた富士山 | 2026-06-03)
2026-06-04 22:00:02 hugo.toml 更新: w1oxzwM00J4 → ncTJiCB3nic
2026-06-04 22:00:04 git push done -> Cloudflare rebuild
2026-06-05 08:00:02 最新タイムラプス: ncTJiCB3nic  (Mt. Fuji Timelapse | 雲に隠れた富士山 | 2026-06-03)
2026-06-05 08:00:02 変更なし(既に最新: ncTJiCB3nic)。終了。
2026-06-05 13:00:02 最新タイムラプス: YZI0--k5owI  (夏 Mt. Fuji | Mt. Fuji Visible in the Rain! | Japan Rice Farm Timelapse 4K 2026-06-04)
2026-06-05 13:00:02 hugo.toml 更新: ncTJiCB3nic → YZI0--k5owI
2026-06-05 13:00:04 git push done -> Cloudflare rebuild
2026-06-05 22:00:02 最新タイムラプス: zzZVkJcvhSk  (Mt. Fuji Timelapse | 富士山 雲がダンスする | 2026-06-04)
2026-06-05 22:00:02 hugo.toml 更新: YZI0--k5owI → zzZVkJcvhSk
2026-06-05 22:00:05 git push done -> Cloudflare rebuild
2026-06-06 08:00:02 最新タイムラプス: UAGmhkamXA8  (【LIVE】富士山ライブカメラ 24時間 / Mt. Fuji Live Camera 24/7 🗻 Shizuoka Japan)
2026-06-06 08:00:02 hugo.toml 更新: zzZVkJcvhSk → UAGmhkamXA8
2026-06-06 08:00:03 git push done -> Cloudflare rebuild
2026-06-06 13:00:02 最新タイムラプス: 6dcPb6rxR2M  (Mt. Fuji Timelapse 4K | Mt. Fuji Appeared Through Clouds! | 富士山 2026-06-05)
2026-06-06 13:00:02 hugo.toml 更新: UAGmhkamXA8 → 6dcPb6rxR2M
2026-06-06 13:00:03 git push done -> Cloudflare rebuild
